<?xml version="1.0" encoding="utf-8"?>
<TestRun>
  <Results>
    <UnitTestResult testName="Crashing.AddFailsAfterCrash" outcome="NotExecuted">
      <Output>
        <ErrorInfo>
          <Message>reason is probably a crash of test Crashing.TheCrash</Message>
          <StackTrace>at crash suspect in $(Directory)\sampletests\crashingtests\crashingtests.cpp:line 21</StackTrace>
        </ErrorInfo>
      </Output>
    </UnitTestResult>
    <UnitTestResult testName="Crashing.AddFailsBeforeCrash" outcome="Failed">
      <Output>
        <ErrorInfo>
          <Message>Expected: 1000
To be equal to: Add(10, 10)
      Which is: 20</Message>
          <StackTrace>at crashingtests.cpp:12 in $(Directory)\sampletests\crashingtests\crashingtests.cpp:line 12</StackTrace>
        </ErrorInfo>
      </Output>
    </UnitTestResult>
    <UnitTestResult testName="Crashing.AddPassesAfterCrash" outcome="NotExecuted">
      <Output>
        <ErrorInfo>
          <Message>reason is probably a crash of test Crashing.TheCrash</Message>
          <StackTrace>at crash suspect in $(Directory)\sampletests\crashingtests\crashingtests.cpp:line 21</StackTrace>
        </ErrorInfo>
      </Output>
    </UnitTestResult>
    <UnitTestResult testName="Crashing.AddPassesBeforeCrash" outcome="Passed" />
    <UnitTestResult testName="Crashing.LongRunning" outcome="NotExecuted">
      <Output>
        <ErrorInfo>
          <Message>reason is probably a crash of test Crashing.TheCrash</Message>
          <StackTrace>at crash suspect in $(Directory)\sampletests\crashingtests\crashingtests.cpp:line 21</StackTrace>
        </ErrorInfo>
      </Output>
    </UnitTestResult>
    <UnitTestResult testName="Crashing.TheCrash" outcome="Failed">
      <Output>
        <ErrorInfo>
          <Message>!! This test has probably CRASHED !!</Message>
        </ErrorInfo>
      </Output>
    </UnitTestResult>
  </Results>
  <TestDefinitions>
    <UnitTest name="Crashing.AddFailsAfterCrash" storage="$(Directory)\sampletests\${ConfigurationName}\crashingtests_gta.exe">
      <TestMethod name="Crashing.AddFailsAfterCrash" className="Crashing" adapterTypeName="Microsoft.VisualStudio.TestTools.TestTypes.Unit.UnitTestAdapter" codeBase="$(Directory)\SampleTests\${ConfigurationName}\CrashingTests_gta.exe" />
    </UnitTest>
    <UnitTest name="Crashing.AddFailsBeforeCrash" storage="$(Directory)\sampletests\${ConfigurationName}\crashingtests_gta.exe">
      <TestMethod name="Crashing.AddFailsBeforeCrash" className="Crashing" adapterTypeName="Microsoft.VisualStudio.TestTools.TestTypes.Unit.UnitTestAdapter" codeBase="$(Directory)\SampleTests\${ConfigurationName}\CrashingTests_gta.exe" />
    </UnitTest>
    <UnitTest name="Crashing.AddPassesAfterCrash" storage="$(Directory)\sampletests\${ConfigurationName}\crashingtests_gta.exe">
      <TestMethod name="Crashing.AddPassesAfterCrash" className="Crashing" adapterTypeName="Microsoft.VisualStudio.TestTools.TestTypes.Unit.UnitTestAdapter" codeBase="$(Directory)\SampleTests\${ConfigurationName}\CrashingTests_gta.exe" />
    </UnitTest>
    <UnitTest name="Crashing.AddPassesBeforeCrash" storage="$(Directory)\sampletests\${ConfigurationName}\crashingtests_gta.exe">
      <TestMethod name="Crashing.AddPassesBeforeCrash" className="Crashing" adapterTypeName="Microsoft.VisualStudio.TestTools.TestTypes.Unit.UnitTestAdapter" codeBase="$(Directory)\SampleTests\${ConfigurationName}\CrashingTests_gta.exe" />
    </UnitTest>
    <UnitTest name="Crashing.LongRunning" storage="$(Directory)\sampletests\${ConfigurationName}\crashingtests_gta.exe">
      <TestMethod name="Crashing.LongRunning" className="Crashing" adapterTypeName="Microsoft.VisualStudio.TestTools.TestTypes.Unit.UnitTestAdapter" codeBase="$(Directory)\SampleTests\${ConfigurationName}\CrashingTests_gta.exe" />
    </UnitTest>
    <UnitTest name="Crashing.TheCrash" storage="$(Directory)\sampletests\${ConfigurationName}\crashingtests_gta.exe">
      <TestMethod name="Crashing.TheCrash" className="Crashing" adapterTypeName="Microsoft.VisualStudio.TestTools.TestTypes.Unit.UnitTestAdapter" codeBase="$(Directory)\SampleTests\${ConfigurationName}\CrashingTests_gta.exe" />
    </UnitTest>
  </TestDefinitions>
  <ResultSummary outcome="Failed">
    <Counters total="6" executed="3" passed="1" failed="2" error="0" timeout="0" aborted="0" inconclusive="0" passedButRunAborted="0" notRunnable="0" notExecuted="0" disconnected="0" warning="0" completed="0" inProgress="0" pending="0" />
    <Output />
  </ResultSummary>
</TestRun>