<?xml version="1.0" encoding="utf-8"?>
<TestRun>
  <Results>
    <UnitTestResult testName="BarTest.DoesXyz" outcome="Passed" />
    <UnitTestResult testName="BarTest.MethodBarDoesAbc" outcome="Passed" />
  </Results>
  <TestDefinitions>
    <UnitTest name="BarTest.DoesXyz" storage="..\..\..\tests.common\bin\${ConfigurationName}\resources\testdata\_x86\externallylinkedgoogletests\externallylinkedgoogletests.exe">
      <TestMethod name="BarTest.DoesXyz" className="BarTest" adapterTypeName="Microsoft.VisualStudio.TestTools.TestTypes.Unit.UnitTestAdapter" codeBase="..\..\..\Tests.Common\bin\${ConfigurationName}\Resources\TestData\_x86\ExternallyLinkedGoogleTests\ExternallyLinkedGoogleTests.exe" />
    </UnitTest>
    <UnitTest name="BarTest.MethodBarDoesAbc" storage="..\..\..\tests.common\bin\${ConfigurationName}\resources\testdata\_x86\externallylinkedgoogletests\externallylinkedgoogletests.exe">
      <TestMethod name="BarTest.MethodBarDoesAbc" className="BarTest" adapterTypeName="Microsoft.VisualStudio.TestTools.TestTypes.Unit.UnitTestAdapter" codeBase="..\..\..\Tests.Common\bin\${ConfigurationName}\Resources\TestData\_x86\ExternallyLinkedGoogleTests\ExternallyLinkedGoogleTests.exe" />
    </UnitTest>
  </TestDefinitions>
  <ResultSummary outcome="Completed">
    <Counters total="2" executed="2" passed="2" failed="0" error="0" timeout="0" aborted="0" inconclusive="0" passedButRunAborted="0" notRunnable="0" notExecuted="0" disconnected="0" warning="0" completed="0" inProgress="0" pending="0" />
    <Output />
  </ResultSummary>
</TestRun>