<?xml version="1.0" encoding="utf-8"?>
<TestRun>
  <Results>
    <UnitTestResult testName="InstantiationName|ParameterizedTests.SimpleTraits|0 [(1,)]" outcome="Passed" />
    <UnitTestResult testName="InstantiationName|ParameterizedTests.SimpleTraits|1 [(1,!)]" outcome="Failed">
      <Output>
        <ErrorInfo>
          <Message>Expected: ""
To be equal to: GetParam().s
      Which is: "!"</Message>
          <StackTrace>at parameterizedtests.cpp:30 in $(Directory)\sampletests\tests\parameterizedtests.cpp:line 30</StackTrace>
        </ErrorInfo>
      </Output>
    </UnitTestResult>
    <UnitTestResult testName="InstantiationName|ParameterizedTests.SimpleTraits|2 [(-1,)]" outcome="Failed">
      <Output>
        <ErrorInfo>
          <Message>Expected: 1
To be equal to: GetParam().i
      Which is: -1</Message>
          <StackTrace>at parameterizedtests.cpp:29 in $(Directory)\sampletests\tests\parameterizedtests.cpp:line 29</StackTrace>
        </ErrorInfo>
      </Output>
    </UnitTestResult>
    <UnitTestResult testName="InstantiationName|ParameterizedTests.SimpleTraits2|0 [(1,)]" outcome="Passed" />
    <UnitTestResult testName="InstantiationName|ParameterizedTests.SimpleTraits2|1 [(1,!)]" outcome="Failed">
      <Output>
        <ErrorInfo>
          <Message>Expected: ""
To be equal to: GetParam().s
      Which is: "!"</Message>
          <StackTrace>at parameterizedtests.cpp:35 in $(Directory)\sampletests\tests\parameterizedtests.cpp:line 35</StackTrace>
        </ErrorInfo>
      </Output>
    </UnitTestResult>
    <UnitTestResult testName="InstantiationName|ParameterizedTests.SimpleTraits2|2 [(-1,)]" outcome="Failed">
      <Output>
        <ErrorInfo>
          <Message>Expected: 1
To be equal to: GetParam().i
      Which is: -1</Message>
          <StackTrace>at parameterizedtests.cpp:34 in $(Directory)\sampletests\tests\parameterizedtests.cpp:line 34</StackTrace>
        </ErrorInfo>
      </Output>
    </UnitTestResult>
    <UnitTestResult testName="ParameterizedTests.SimpleTraits|0 [(0,_)]" outcome="Failed">
      <Output>
        <ErrorInfo>
          <Message>#1 - Expected: 1
To be equal to: GetParam().i
      Which is: 0
#2 - Expected: ""
To be equal to: GetParam().s
      Which is: "_"</Message>
          <StackTrace>at #1 - parameterizedtests.cpp:29 in $(Directory)\sampletests\tests\parameterizedtests.cpp:line 29
at #2 - parameterizedtests.cpp:30 in $(Directory)\sampletests\tests\parameterizedtests.cpp:line 30</StackTrace>
        </ErrorInfo>
      </Output>
    </UnitTestResult>
    <UnitTestResult testName="ParameterizedTests.SimpleTraits2|0 [(0,_)]" outcome="Failed">
      <Output>
        <ErrorInfo>
          <Message>#1 - Expected: 1
To be equal to: GetParam().i
      Which is: 0
#2 - Expected: ""
To be equal to: GetParam().s
      Which is: "_"</Message>
          <StackTrace>at #1 - parameterizedtests.cpp:34 in $(Directory)\sampletests\tests\parameterizedtests.cpp:line 34
at #2 - parameterizedtests.cpp:35 in $(Directory)\sampletests\tests\parameterizedtests.cpp:line 35</StackTrace>
        </ErrorInfo>
      </Output>
    </UnitTestResult>
    <UnitTestResult testName="TheFixture.AddPassesWithTraits" outcome="Passed" />
    <UnitTestResult testName="TheFixture.AddPassesWithTraits2" outcome="Passed" />
    <UnitTestResult testName="TheFixture.AddPassesWithTraits3" outcome="Passed" />
  </Results>
  <TestDefinitions>
    <UnitTest name="InstantiationName|ParameterizedTests.SimpleTraits|0 [(1,)]" storage="$(Directory)\sampletests\${ConfigurationName}\tests_gta.exe">
      <TestMethod name="InstantiationName|ParameterizedTests.SimpleTraits|0 [(1,)]" className="InstantiationName/ParameterizedTests" adapterTypeName="Microsoft.VisualStudio.TestTools.TestTypes.Unit.UnitTestAdapter" codeBase="$(Directory)\SampleTests\${ConfigurationName}\Tests_gta.exe" />
    </UnitTest>
    <UnitTest name="InstantiationName|ParameterizedTests.SimpleTraits|1 [(1,!)]" storage="$(Directory)\sampletests\${ConfigurationName}\tests_gta.exe">
      <TestMethod name="InstantiationName|ParameterizedTests.SimpleTraits|1 [(1,!)]" className="InstantiationName/ParameterizedTests" adapterTypeName="Microsoft.VisualStudio.TestTools.TestTypes.Unit.UnitTestAdapter" codeBase="$(Directory)\SampleTests\${ConfigurationName}\Tests_gta.exe" />
    </UnitTest>
    <UnitTest name="InstantiationName|ParameterizedTests.SimpleTraits|2 [(-1,)]" storage="$(Directory)\sampletests\${ConfigurationName}\tests_gta.exe">
      <TestMethod name="InstantiationName|ParameterizedTests.SimpleTraits|2 [(-1,)]" className="InstantiationName/ParameterizedTests" adapterTypeName="Microsoft.VisualStudio.TestTools.TestTypes.Unit.UnitTestAdapter" codeBase="$(Directory)\SampleTests\${ConfigurationName}\Tests_gta.exe" />
    </UnitTest>
    <UnitTest name="InstantiationName|ParameterizedTests.SimpleTraits2|0 [(1,)]" storage="$(Directory)\sampletests\${ConfigurationName}\tests_gta.exe">
      <TestMethod name="InstantiationName|ParameterizedTests.SimpleTraits2|0 [(1,)]" className="InstantiationName/ParameterizedTests" adapterTypeName="Microsoft.VisualStudio.TestTools.TestTypes.Unit.UnitTestAdapter" codeBase="$(Directory)\SampleTests\${ConfigurationName}\Tests_gta.exe" />
    </UnitTest>
    <UnitTest name="InstantiationName|ParameterizedTests.SimpleTraits2|1 [(1,!)]" storage="$(Directory)\sampletests\${ConfigurationName}\tests_gta.exe">
      <TestMethod name="InstantiationName|ParameterizedTests.SimpleTraits2|1 [(1,!)]" className="InstantiationName/ParameterizedTests" adapterTypeName="Microsoft.VisualStudio.TestTools.TestTypes.Unit.UnitTestAdapter" codeBase="$(Directory)\SampleTests\${ConfigurationName}\Tests_gta.exe" />
    </UnitTest>
    <UnitTest name="InstantiationName|ParameterizedTests.SimpleTraits2|2 [(-1,)]" storage="$(Directory)\sampletests\${ConfigurationName}\tests_gta.exe">
      <TestMethod name="InstantiationName|ParameterizedTests.SimpleTraits2|2 [(-1,)]" className="InstantiationName/ParameterizedTests" adapterTypeName="Microsoft.VisualStudio.TestTools.TestTypes.Unit.UnitTestAdapter" codeBase="$(Directory)\SampleTests\${ConfigurationName}\Tests_gta.exe" />
    </UnitTest>
    <UnitTest name="ParameterizedTests.SimpleTraits|0 [(0,_)]" storage="$(Directory)\sampletests\${ConfigurationName}\tests_gta.exe">
      <TestMethod name="ParameterizedTests.SimpleTraits|0 [(0,_)]" className="ParameterizedTests" adapterTypeName="Microsoft.VisualStudio.TestTools.TestTypes.Unit.UnitTestAdapter" codeBase="$(Directory)\SampleTests\${ConfigurationName}\Tests_gta.exe" />
    </UnitTest>
    <UnitTest name="ParameterizedTests.SimpleTraits2|0 [(0,_)]" storage="$(Directory)\sampletests\${ConfigurationName}\tests_gta.exe">
      <TestMethod name="ParameterizedTests.SimpleTraits2|0 [(0,_)]" className="ParameterizedTests" adapterTypeName="Microsoft.VisualStudio.TestTools.TestTypes.Unit.UnitTestAdapter" codeBase="$(Directory)\SampleTests\${ConfigurationName}\Tests_gta.exe" />
    </UnitTest>
    <UnitTest name="TheFixture.AddPassesWithTraits" storage="$(Directory)\sampletests\${ConfigurationName}\tests_gta.exe">
      <TestMethod name="TheFixture.AddPassesWithTraits" className="TheFixture" adapterTypeName="Microsoft.VisualStudio.TestTools.TestTypes.Unit.UnitTestAdapter" codeBase="$(Directory)\SampleTests\${ConfigurationName}\Tests_gta.exe" />
    </UnitTest>
    <UnitTest name="TheFixture.AddPassesWithTraits2" storage="$(Directory)\sampletests\${ConfigurationName}\tests_gta.exe">
      <TestMethod name="TheFixture.AddPassesWithTraits2" className="TheFixture" adapterTypeName="Microsoft.VisualStudio.TestTools.TestTypes.Unit.UnitTestAdapter" codeBase="$(Directory)\SampleTests\${ConfigurationName}\Tests_gta.exe" />
    </UnitTest>
    <UnitTest name="TheFixture.AddPassesWithTraits3" storage="$(Directory)\sampletests\${ConfigurationName}\tests_gta.exe">
      <TestMethod name="TheFixture.AddPassesWithTraits3" className="TheFixture" adapterTypeName="Microsoft.VisualStudio.TestTools.TestTypes.Unit.UnitTestAdapter" codeBase="$(Directory)\SampleTests\${ConfigurationName}\Tests_gta.exe" />
    </UnitTest>
  </TestDefinitions>
  <ResultSummary outcome="Failed">
    <Counters total="11" executed="11" passed="5" failed="6" error="0" timeout="0" aborted="0" inconclusive="0" passedButRunAborted="0" notRunnable="0" notExecuted="0" disconnected="0" warning="0" completed="0" inProgress="0" pending="0" />
    <Output />
  </ResultSummary>
</TestRun>