<?xml version="1.0" encoding="utf-8"?>
<TestRun>
  <Results>
    <UnitTestResult testName="FooTest.DoesXyz" outcome="Passed" />
    <UnitTestResult testName="FooTest.MethodBarDoesAbc" outcome="Failed">
      <Output>
        <ErrorInfo>
          <Message>#1 - Value of: output_filepath
  Actual: "this/package/testdata/myoutputfile.dat"
Expected: input_filepath
Which is: "this/package/testdata/myinputfile.dat"
Something's not right!!
#2 - Value of: 56456
Expected: 12312
Something's wrong :(</Message>
          <StackTrace>at #1 - main.cpp:40 in c:\prod\gtest-1.7.0\staticallylinkedgoogletests\main.cpp:line 40
at #2 - main.cpp:41 in c:\prod\gtest-1.7.0\staticallylinkedgoogletests\main.cpp:line 41</StackTrace>
        </ErrorInfo>
      </Output>
    </UnitTestResult>
  </Results>
  <TestDefinitions>
    <UnitTest name="FooTest.DoesXyz" storage="..\..\..\tests.common\bin\${ConfigurationName}\resources\testdata\_x86\staticallylinkedgoogletests\staticallylinkedgoogletests.exe">
      <TestMethod name="FooTest.DoesXyz" className="FooTest" adapterTypeName="Microsoft.VisualStudio.TestTools.TestTypes.Unit.UnitTestAdapter" codeBase="..\..\..\Tests.Common\bin\${ConfigurationName}\Resources\TestData\_x86\StaticallyLinkedGoogleTests\StaticallyLinkedGoogleTests.exe" />
    </UnitTest>
    <UnitTest name="FooTest.MethodBarDoesAbc" storage="..\..\..\tests.common\bin\${ConfigurationName}\resources\testdata\_x86\staticallylinkedgoogletests\staticallylinkedgoogletests.exe">
      <TestMethod name="FooTest.MethodBarDoesAbc" className="FooTest" adapterTypeName="Microsoft.VisualStudio.TestTools.TestTypes.Unit.UnitTestAdapter" codeBase="..\..\..\Tests.Common\bin\${ConfigurationName}\Resources\TestData\_x86\StaticallyLinkedGoogleTests\StaticallyLinkedGoogleTests.exe" />
    </UnitTest>
  </TestDefinitions>
  <ResultSummary outcome="Failed">
    <Counters total="2" executed="2" passed="1" failed="1" error="0" timeout="0" aborted="0" inconclusive="0" passedButRunAborted="0" notRunnable="0" notExecuted="0" disconnected="0" warning="0" completed="0" inProgress="0" pending="0" />
    <Output />
  </ResultSummary>
</TestRun>